// Jest Snapshot v1, https://goo.gl/fbAQLP

exports[`ResultBody Render correctly 1`] = `
<Provider
  store={
    Object {
      "dispatch": [Function],
      "getState": [Function],
      "replaceReducer": [Function],
      "subscribe": [Function],
      Symbol(observable): [Function],
    }
  }
>
  <ResultBody>
    <div
      className="content content-not-found"
    >
      <NoFilmsFound
        className="content-not-found__text"
      >
        <h1
          className="content-not-found__text"
        >
          No films found
        </h1>
      </NoFilmsFound>
    </div>
  </ResultBody>
</Provider>
`;
